[    1717ms] [ERROR] Error: <path> attribute d: Expected number, "M100%,80 Q100%,0 cal…". @ http://localhost:3000/:0
[    1717ms] [ERROR] Error: <path> attribute d: Expected number, "M100%,40 Q100%,0 cal…". @ http://localhost:3000/:0
[    1717ms] [ERROR] Error: <path> attribute d: Expected number, "M0,calc(100% - 80px…". @ http://localhost:3000/:0
[    1717ms] [ERROR] Error: <path> attribute d: Expected number, "M0,calc(100% - 40px…". @ http://localhost:3000/:0
[    1717ms] [ERROR] Error: <path> attribute d: Expected number, "M100%,calc(100% - 80…". @ http://localhost:3000/:0
[    1717ms] [ERROR] Error: <path> attribute d: Expected number, "M100%,calc(100% - 40…". @ http://localhost:3000/:0
[    1720ms] [ERROR] Error: <path> attribute d: Expected number, "M100%,80 Q100%,0 cal…". @ http://localhost:3000/:0
[    1720ms] [ERROR] Error: <path> attribute d: Expected number, "M100%,40 Q100%,0 cal…". @ http://localhost:3000/:0
[    1720ms] [ERROR] Error: <path> attribute d: Expected number, "M0,calc(100% - 80px…". @ http://localhost:3000/:0
[    1720ms] [ERROR] Error: <path> attribute d: Expected number, "M0,calc(100% - 40px…". @ http://localhost:3000/:0
[    1720ms] [ERROR] Error: <path> attribute d: Expected number, "M100%,calc(100% - 80…". @ http://localhost:3000/:0
[    1720ms] [ERROR] Error: <path> attribute d: Expected number, "M100%,calc(100% - 40…". @ http://localhost:3000/:0
[    2292ms] [INFO] %cDownload the React DevTools for a better development experience: https://react.dev/link/react-devtools font-weight:bold @ http://localhost:3000/_next/static/chunks/node_modules_next_dist_1ybzpk2._.js:2477
[    2529ms] [LOG] [HMR] connected @ http://localhost:3000/_next/static/chunks/node_modules_next_dist_1ybzpk2._.js:2477
[    2749ms] [LOG] [Fast Refresh] rebuilding @ http://localhost:3000/_next/static/chunks/node_modules_next_dist_1ybzpk2._.js:2477
[    2961ms] [LOG] [Fast Refresh] done in 330ms @ http://localhost:3000/_next/static/chunks/node_modules_next_dist_1ybzpk2._.js:2477
[   63910ms] [LOG] [Fast Refresh] rebuilding @ http://localhost:3000/_next/static/chunks/node_modules_next_dist_1ybzpk2._.js:2477
[   64612ms] [LOG] [Fast Refresh] done in 739ms @ http://localhost:3000/_next/static/chunks/node_modules_next_dist_1ybzpk2._.js:2477
[   64727ms] [LOG] [Fast Refresh] rebuilding @ http://localhost:3000/_next/static/chunks/node_modules_next_dist_1ybzpk2._.js:2477
[   64834ms] [LOG] [Fast Refresh] done in 212ms @ http://localhost:3000/_next/static/chunks/node_modules_next_dist_1ybzpk2._.js:2477
[   64971ms] [LOG] [Fast Refresh] rebuilding @ http://localhost:3000/_next/static/chunks/node_modules_next_dist_1ybzpk2._.js:2477
[   65003ms] [LOG] [Fast Refresh] done in 134ms @ http://localhost:3000/_next/static/chunks/node_modules_next_dist_1ybzpk2._.js:2477
[   65125ms] [LOG] [Fast Refresh] rebuilding @ http://localhost:3000/_next/static/chunks/node_modules_next_dist_1ybzpk2._.js:2477
[   65164ms] [LOG] [Fast Refresh] done in 144ms @ http://localhost:3000/_next/static/chunks/node_modules_next_dist_1ybzpk2._.js:2477
